  Determining projects to restore...
/app/StadiumManagementSystem.csproj : warning NU1603: StadiumManagementSystem depends on LiveChartsCore.SkiaSharpView.WPF (>= 2.0.0-rc2.1) but LiveChartsCore.SkiaSharpView.WPF 2.0.0-rc2.1 was not found. LiveChartsCore.SkiaSharpView.WPF 2.0.0-rc3 was resolved instead. [/app/StadiumManagementSystem.sln]
/app/StadiumManagementSystem.csproj : warning NU1701: Package 'LiveCharts 0.9.7' was restored using '.NETFramework,Version=v4.6.1, .NETFramework,Version=v4.6.2, .NETFramework,Version=v4.7, .NETFramework,Version=v4.7.1, .NETFramework,Version=v4.7.2, .NETFramework,Version=v4.8, .NETFramework,Version=v4.8.1' instead of the project target framework 'net8.0-windows7.0'. This package may not be fully compatible with your project. [/app/StadiumManagementSystem.sln]
/app/StadiumManagementSystem.csproj : warning NU1701: Package 'LiveCharts.Wpf 0.9.7' was restored using '.NETFramework,Version=v4.6.1, .NETFramework,Version=v4.6.2, .NETFramework,Version=v4.7, .NETFramework,Version=v4.7.1, .NETFramework,Version=v4.7.2, .NETFramework,Version=v4.8, .NETFramework,Version=v4.8.1' instead of the project target framework 'net8.0-windows7.0'. This package may not be fully compatible with your project. [/app/StadiumManagementSystem.sln]
  All projects are up-to-date for restore.
/app/StadiumManagementSystem.csproj : warning NU1603: StadiumManagementSystem depends on LiveChartsCore.SkiaSharpView.WPF (>= 2.0.0-rc2.1) but LiveChartsCore.SkiaSharpView.WPF 2.0.0-rc2.1 was not found. LiveChartsCore.SkiaSharpView.WPF 2.0.0-rc3 was resolved instead.
/app/StadiumManagementSystem.csproj : warning NU1701: Package 'LiveCharts 0.9.7' was restored using '.NETFramework,Version=v4.6.1, .NETFramework,Version=v4.6.2, .NETFramework,Version=v4.7, .NETFramework,Version=v4.7.1, .NETFramework,Version=v4.7.2, .NETFramework,Version=v4.8, .NETFramework,Version=v4.8.1' instead of the project target framework 'net8.0-windows7.0'. This package may not be fully compatible with your project.
/app/StadiumManagementSystem.csproj : warning NU1701: Package 'LiveCharts.Wpf 0.9.7' was restored using '.NETFramework,Version=v4.6.1, .NETFramework,Version=v4.6.2, .NETFramework,Version=v4.7, .NETFramework,Version=v4.7.1, .NETFramework,Version=v4.7.2, .NETFramework,Version=v4.8, .NETFramework,Version=v4.8.1' instead of the project target framework 'net8.0-windows7.0'. This package may not be fully compatible with your project.
  StadiumManagementSystem -> /app/bin/Debug/net8.0-windows/StadiumManagementSystem.dll

Build succeeded.

/app/StadiumManagementSystem.csproj : warning NU1603: StadiumManagementSystem depends on LiveChartsCore.SkiaSharpView.WPF (>= 2.0.0-rc2.1) but LiveChartsCore.SkiaSharpView.WPF 2.0.0-rc2.1 was not found. LiveChartsCore.SkiaSharpView.WPF 2.0.0-rc3 was resolved instead. [/app/StadiumManagementSystem.sln]
/app/StadiumManagementSystem.csproj : warning NU1701: Package 'LiveCharts 0.9.7' was restored using '.NETFramework,Version=v4.6.1, .NETFramework,Version=v4.6.2, .NETFramework,Version=v4.7, .NETFramework,Version=v4.7.1, .NETFramework,Version=v4.7.2, .NETFramework,Version=v4.8, .NETFramework,Version=v4.8.1' instead of the project target framework 'net8.0-windows7.0'. This package may not be fully compatible with your project. [/app/StadiumManagementSystem.sln]
/app/StadiumManagementSystem.csproj : warning NU1701: Package 'LiveCharts.Wpf 0.9.7' was restored using '.NETFramework,Version=v4.6.1, .NETFramework,Version=v4.6.2, .NETFramework,Version=v4.7, .NETFramework,Version=v4.7.1, .NETFramework,Version=v4.7.2, .NETFramework,Version=v4.8, .NETFramework,Version=v4.8.1' instead of the project target framework 'net8.0-windows7.0'. This package may not be fully compatible with your project. [/app/StadiumManagementSystem.sln]
/app/StadiumManagementSystem.csproj : warning NU1603: StadiumManagementSystem depends on LiveChartsCore.SkiaSharpView.WPF (>= 2.0.0-rc2.1) but LiveChartsCore.SkiaSharpView.WPF 2.0.0-rc2.1 was not found. LiveChartsCore.SkiaSharpView.WPF 2.0.0-rc3 was resolved instead.
/app/StadiumManagementSystem.csproj : warning NU1701: Package 'LiveCharts 0.9.7' was restored using '.NETFramework,Version=v4.6.1, .NETFramework,Version=v4.6.2, .NETFramework,Version=v4.7, .NETFramework,Version=v4.7.1, .NETFramework,Version=v4.7.2, .NETFramework,Version=v4.8, .NETFramework,Version=v4.8.1' instead of the project target framework 'net8.0-windows7.0'. This package may not be fully compatible with your project.
/app/StadiumManagementSystem.csproj : warning NU1701: Package 'LiveCharts.Wpf 0.9.7' was restored using '.NETFramework,Version=v4.6.1, .NETFramework,Version=v4.6.2, .NETFramework,Version=v4.7, .NETFramework,Version=v4.7.1, .NETFramework,Version=v4.7.2, .NETFramework,Version=v4.8, .NETFramework,Version=v4.8.1' instead of the project target framework 'net8.0-windows7.0'. This package may not be fully compatible with your project.
    6 Warning(s)
    0 Error(s)

Time Elapsed 00:00:04.01
